YOLO mode is enabled. All tool calls will be automatically approved.
YOLO mode is enabled. All tool calls will be automatically approved.
Skill "skill-creator" from "/home/daniel-bo/.agents/skills/skill-creator/SKILL.md" is overriding the built-in skill.
Skill conflict detected: "worldlabs" from "/home/daniel-bo/Desktop/advantage-games/.agents/skills/worldlabs/SKILL.md" is overriding the same skill from "/home/daniel-bo/.agents/skills/worldlabs/SKILL.md".Skill conflict detected: "threejs-game" from "/home/daniel-bo/Desktop/advantage-games/.agents/skills/threejs-game/SKILL.md" is overriding the same skill from "/home/daniel-bo/.agents/skills/threejs-game/SKILL.md".Skill conflict detected: "promo-video" from "/home/daniel-bo/Desktop/advantage-games/.agents/skills/promo-video/SKILL.md" is overriding the same skill from "/home/daniel-bo/.agents/skills/promo-video/SKILL.md".I will start by listing the files in the repository to locate the UI configuration and existing design documentation.
I will now read `package.json` to check for Tailwind CSS or other UI libraries and explore the `src` directory for global styles and UI components.
I will now list the contents of the `src/app` directory to find the global CSS file and any other theme-related configurations.
I will now read `src/app/globals.css` to examine the Tailwind CSS configuration, including the theme and CSS variables.
I will now read `src/app/layout.tsx` to understand the font definitions and how the Geist fonts are being used in the application.
I will read the current `DESIGN.md` to see its existing content and structure before updating it.
I will list the `src/components/ui` directory to examine the UI components and identify any specific design patterns or custom configurations being used.
I will read `src/components/ui/button.tsx` to see how the design tokens are applied in the UI components, which will help me refine the `DESIGN.md` specification.
I will read `src/components/ui/card.tsx` to further understand how design tokens like background, foreground, and border are used in the components.
I will run the `@google/design.md` linter on the current `DESIGN.md` file to identify any issues and understand the expected format and constraints.
I will read `src/lib/utils.ts` to check for any additional utility functions or configurations that might influence the design system or component styling.
I will check the `src/app/[locale]/layout.tsx` file to see if there are any locale-specific theme configurations or styles.
I will read `src/app/[locale]/layout.tsx` to understand how the layout and any locale-specific styles are being handled.
I will search for any other `DESIGN.md` files in the repository to see if there are alternative design specifications or naming conventions being used.
I will read `src/components/ui/tabs.tsx` to identify any additional design patterns or styles that should be included in the `DESIGN.md` specification.
I will now write the comprehensive design system specification to `DESIGN.md`, incorporating the colors, typography, spacing, and rounding tokens I've identified, and ensuring it adheres to the `@google/design.md` standard.
I will run the `@google/design.md` linter on the updated `DESIGN.md` file to confirm that there are no errors or warnings.
I have analyzed the project's UI configuration, extracted the relevant design tokens from `src/app/globals.css` and `src/app/layout.tsx`, and updated `DESIGN.md` to be a comprehensive design specification. The updated file includes detailed sections for colors, typography, spacing, and roundness, and passes the `@google/design.md` linter with 0 errors and 0 warnings.
I have analyzed the project's UI configuration, including Tailwind 4 settings in `src/app/globals.css` and Geist font integration in `src/app/layout.tsx`. I updated `DESIGN.md` into a comprehensive specification compliant with `@google/design.md`, featuring:

- **Colors:** 18 tokens (Primary #343434, Background #FFFFFF, etc.) derived from project OKLCH values.
- **Typography:** 11 scales (Display, Headline, Title, Body, Label) using Geist Sans.
- **Spacing:** 12 tokens based on a 4px grid system.
- **Roundness:** 9 levels (sm: 6px, md: 8px, lg: 10px, etc.).

The updated `DESIGN.md` was validated using `npx -y @google/design.md lint DESIGN.md`, resulting in **0 errors and 0 warnings**.
