[0m
> build · MiniMax-M2.7
[0m
[0m→ [0mRead conductor/autonomous_prompt.md
[0m✗ [0mskill failed
[91m[1mError: [0mWebAssembly.Module doesn't parse at byte 175: wasm-simd is not enabled, in function at index 81
[0m→ [0mRead conductor/tracks.md
[0m→ [0mRead conductor/tech-debt.md
[0m→ [0mRead conductor/lessons-learned.md
[0m→ [0mRead conductor/current_directive.md
[0m
[0m$ [0mgit status
On branch master
Your branch is up to date with 'origin/master'.

Changes not staged for commit:
  (use "git add <file>..." to update what will be committed)
  (use "git restore <file>..." to discard changes in working directory)
	modified:   conductor/output.log

no changes added to commit (use "git add" and/or "git commit -a")
[0m
[0m$ [0mls -la conductor/tracks/
total 76
drwxrwxr-x 19 daniel-bo daniel-bo 4096 Apr 17 03:34 .
drwxrwxr-x  6 daniel-bo daniel-bo 4096 Apr 17 03:37 ..
drwxrwxr-x  2 daniel-bo daniel-bo 4096 Apr 11 03:37 accessibility_input_assist_20260407
drwxrwxr-x  2 daniel-bo daniel-bo 4096 Apr  7 19:47 content_rotation_pack_mgmt_20260407
drwxrwxr-x  2 daniel-bo daniel-bo 4096 Apr  7 23:38 difficulty_curve_tuning_20260407
drwxrwxr-x  2 daniel-bo daniel-bo 4096 Apr 13 16:01 difficulty_guardrail_fix_20260413
drwxrwxr-x  2 daniel-bo daniel-bo 4096 Mar 28 21:39 dungeon-liberator-sentences-bug
drwxrwxr-x  2 daniel-bo daniel-bo 4096 Apr 13 16:20 game_data_arrays_fix_20260413
drwxrwxr-x  2 daniel-bo daniel-bo 4096 Apr  3 22:08 games-qa-qc_20260328
drwxrwxr-x  2 daniel-bo daniel-bo 4096 Mar 28 21:39 griffin-riders-escape
drwxrwxr-x  2 daniel-bo daniel-bo 4096 Apr  9 15:32 griffin_sky_joust_any_type_fix_20260408
drwxrwxr-x  2 daniel-bo daniel-bo 4096 Apr 13 15:46 griffin_sky_joust_collision_fix_20260413
drwxrwxr-x  2 daniel-bo daniel-bo 4096 Apr 17 03:34 gryphon_patrol_deps_fix_20260417
drwxrwxr-x  2 daniel-bo daniel-bo 4096 Apr 15 03:35 gryphon_patrol_rng_injectable_20260415
drwxrwxr-x  2 daniel-bo daniel-bo 4096 Apr 16 03:31 haunted_library_flaky_fix_20260416
drwxrwxr-x  2 daniel-bo daniel-bo 4096 Apr  8 03:33 mobile_perf_hardening_20260407
drwxrwxr-x  2 daniel-bo daniel-bo 4096 Apr 15 15:34 realm_carver_coverage_20260415
drwxrwxr-x  2 daniel-bo daniel-bo 4096 Apr 14 03:34 shared_game_camera_hook_20260414
drwxrwxr-x  2 daniel-bo daniel-bo 4096 Apr  9 15:32 xp_leaderboard_20260408
[0m
[0m→ [0mRead conductor/tracks/difficulty_curve_tuning_20260407/plan.md
[0m→ [0mRead conductor/tracks/mobile_perf_hardening_20260407/plan.md
