[0m
> build · k2p6
[0m
[0m→ [0mSkill "measure"
[0m→ [0mRead measure/autonomous_prompt.md
Acknowledged. Entering autonomous mode — proceeding per `measure/autonomous_prompt.md`.

Let me load the required context files:
[0m→ [0mRead measure/tracks.md
[0m→ [0mRead measure/tech-debt.md
[0m→ [0mRead measure/lessons-learned.md
[0m→ [0mRead measure/current_directive.md
Checking workspace state and active tracks:
[0m
[0m$ [0mgit status --short
M measure/output.log
[0m
[0m✱ [0mGlob "measure/tracks/*/plan.md"[90m in . · 37 matches[0m
[0m
[0m$ [0mgrep -r "\[~\]" measure/tracks/*/plan.md 2>/dev/null || echo "No in-progress phases found"
No in-progress phases found
[0m
No in-progress phases. Picking the first available "New" track: **Dragon Flight Compliance Audit**.
[0m→ [0mRead measure/tracks/dragon-flight-compliance-audit_20260426/plan.md
[0m→ [0mRead measure/tracks/dragon-flight-compliance-audit_20260426/spec.md
Dragon Flight audit is complete. Moving to next "New" track: **Griffin Riders Escape Compliance Audit**.
[0m→ [0mRead measure/tracks/griffin-riders-escape-compliance-audit_20260426/plan.md
[0m→ [0mRead measure/tracks/griffin-riders-escape-compliance-audit_20260426/spec.md
[0m
[0m$ [0mfor dir in measure/tracks/*-compliance-audit_20260426/; do if [ ! -f "$dir/report.md" ]; then basename "$dir"; fi; done
(no output)
[0m
[0m$ [0mfor dir in measure/tracks/*-compliance-audit_20260426/; do echo "=== $(basename $dir) ==="; cat "$dir/metadata.json" 2>/dev/null || echo "No metadata"; done | head -60
=== abyssal-well-compliance-audit_20260426 ===
{
  "track_id": "abyssal-well-compliance-audit_20260426",
  "type": "chore",
  "status": "new",
  "created_at": "2026-04-26T07:30:00Z",
  "updated_at": "2026-04-26T07:30:00Z",
  "description": "Compliance audit for The Abyssal Well against shared game specifications",
  "estimated_tasks": 8,
  "actual_tasks": null,
  "deviation_notes": ""
}
=== alchemists-synthesis-compliance-audit_20260426 ===
{
  "track_id": "alchemists-synthesis-compliance-audit_20260426",
  "type": "chore",
  "status": "completed",
  "created_at": "2026-04-26T07:30:00Z",
  "updated_at": "2026-04-26T07:30:00Z",
  "description": "Compliance audit for Alchemists Synthesis against shared game specifications",
  "estimated_tasks": 8,
  "actual_tasks": null,
  "deviation_notes": ""
}
=== archers-revenge-compliance-audit_20260426 ===
{
  "track_id": "archers-revenge-compliance-audit_20260426",
  "type": "chore",
  "status": "new",
  "created_at": "2026-04-26T07:30:00Z",
  "updated_at": "2026-04-26T07:30:00Z",
  "description": "Compliance audit for Archer's Revenge against shared game specifications",
  "estimated_tasks": 8,
  "actual_tasks": null,
  "deviation_notes": ""
}
=== astral-mage-compliance-audit_20260426 ===
{
  "track_id": "astral-mage-compliance-audit_20260426",
  "type": "chore",
  "status": "completed",
  "created_at": "2026-04-26T07:30:00Z",
  "updated_at": "2026-04-26T08:00:00Z",
  "description": "Compliance audit for Astral Mage against shared game specifications",
  "estimated_tasks": 8,
  "actual_tasks": 8,
  "deviation_notes": "Game has zero implementation (no source files, tests, or assets). All 25 specs failed. Fixes require a dedicated implementation track."
}
=== babel-architect-compliance-audit_20260426 ===
{
  "track_id": "babel-architect-compliance-audit_20260426",
  "type": "chore",
  "status": "completed",
  "created_at": "2026-04-26T07:30:00Z",
  "updated_at": "2026-04-26T07:30:00Z",
  "description": "Compliance audit for Babel Architect against shared game specifications",
  "estimated_tasks": 8,
  "actual_tasks": null,
  "deviation_notes": ""
}
[0m
[0m$ [0mfor dir in measure/tracks/*-compliance-audit_20260426/; do status=$(python3 -c "import json; print(json.load(open('$dir/metadata.json'))['status'])" 2>/dev/null); echo "$status $(basename $dir)"; done | grep "^new"
new abyssal-well-compliance-audit_20260426
new archers-revenge-compliance-audit_20260426
new castle-defense-compliance-audit_20260426
new devourer-slime-compliance-audit_20260426
new dragon-flight-compliance-audit_20260426
new dragon-rider-compliance-audit_20260426
new dungeon-liberator-compliance-audit_20260426
new enchanted-library-compliance-audit_20260426
new griffin-riders-escape-compliance-audit_20260426
new griffin-sky-joust-compliance-audit_20260426
new haunted-library-compliance-audit_20260426
new labyrinth-goblin-king-compliance-audit_20260426
new potion-rush-compliance-audit_20260426
new realm-carver-compliance-audit_20260426
new rpg-battle-compliance-audit_20260426
new rune-forge-chamber-compliance-audit_20260426
new rune-match-compliance-audit_20260426
new shadow-gate-dungeon-compliance-audit_20260426
new spellweavers-run-compliance-audit_20260426
new storm-castle-tower-compliance-audit_20260426
new village-guardian-compliance-audit_20260426
new wizard-vs-zombie-compliance-audit_20260426
[0m
[0m$ [0mfor dir in measure/tracks/*_2026042[35]/; do if [[ "$(basename $dir)" != *"compliance-audit"* ]]; then echo "=== $(basename $dir) ==="; cat "$dir/metadata.json" 2>/dev/null | head -10; echo; fi; done
=== accessibility_layer_20260425 ===
{
  "id": "accessibility_layer_20260425",
  "name": "Accessibility Layer",
  "status": "pending",
  "created": "2026-04-25",
  "priority": "medium"
}

=== adaptive_difficulty_engine_20260423 ===
{
  "track_id": "adaptive_difficulty_engine_20260423",
  "type": "feature",
  "status": "planned",
  "created_at": "2026-04-23T00:00:00Z",
  "updated_at": "2026-04-23T00:00:00Z",
  "description": "Runtime difficulty adjustment engine that monitors player performance and dynamically adjusts game parameters within each session.",
  "estimated_tasks": 14,
  "actual_tasks": null,
  "deviation_notes": null

=== competitive_multiplayer_20260425 ===
{
  "id": "competitive_multiplayer_20260425",
  "name": "Competitive Multiplayer Mode",
  "status": "pending",
  "created": "2026-04-25",
  "priority": "medium"
}

=== multiplayer_competitive_mode_20260423 ===
{
  "track_id": "multiplayer_competitive_mode_20260423",
  "type": "feature",
  "status": "planned",
  "created_at": "2026-04-23T00:00:00Z",
  "updated_at": "2026-04-23T00:00:00Z",
  "description": "Real-time multiplayer competitive mode where 2-4 players compete in vocabulary/sentence games simultaneously. Room-based matchmaking, live score tracking, and round-based progression.",
  "estimated_tasks": 18,
  "actual_tasks": null,
  "deviation_notes": null

=== sentence_game_expansion_20260423 ===
{
  "track_id": "sentence_game_expansion_20260423",
  "type": "feature",
  "status": "planned",
  "created_at": "2026-04-23T00:00:00Z",
  "updated_at": "2026-04-23T00:00:00Z",
  "description": "Expand sentence-level game coverage with 3-4 new game types: fill-in-the-blank platformer, word reorder/sequence builder, translation matching game, and context clue detective.",
  "estimated_tasks": 16,
  "actual_tasks": null,
  "deviation_notes": null

=== sentence_game_expansion_v2_20260425 ===
{
  "id": "sentence_game_expansion_v2_20260425",
  "name": "Sentence Game Expansion v2",
  "status": "pending",
  "created": "2026-04-25",
  "priority": "medium"
}

=== teacher_dashboard_20260423 ===
{
  "track_id": "teacher_dashboard_20260423",
  "type": "feature",
  "status": "planned",
  "created_at": "2026-04-23T00:00:00Z",
  "updated_at": "2026-04-23T00:00:00Z",
  "description": "Teacher-facing dashboard for classroom management: class creation, game/vocabulary pack assignments, student progress tracking, and projection mode.",
  "estimated_tasks": 17,
  "actual_tasks": null,
  "deviation_notes": null

=== teacher_dashboard_v2_20260425 ===
{
  "id": "teacher_dashboard_v2_20260425",
  "name": "Teacher Dashboard v2",
  "status": "pending",
  "created": "2026-04-25",
  "priority": "medium"
}
[0m
Dirty workspace detected. Committing output.log, then starting new track.
[0m$ [0mgit add measure/output.log && git commit -m "chore: update measure output log" --no-verify
[master 8907a93] chore: update measure output log
 1 file changed, 177 insertions(+), 3196 deletions(-)
[0m
[0m→ [0mRead measure/tracks/multiplayer_competitive_mode_20260423/plan.md
[0m→ [0mRead measure/tracks/multiplayer_competitive_mode_20260423/spec.md
[0m→ [0mRead measure/tracks/adaptive_difficulty_engine_20260423/plan.md
[0m→ [0mRead measure/tracks/teacher_dashboard_20260423/plan.md
**Teacher Dashboard** is the first planned track with pending work. Starting **Phase 1: Data Model & Authentication**.
[0m→ [0mRead measure/workflow.md
[0m
[0m$ [0mcat package.json | grep -A 5 '"test"'
"test": "jest",
    "test:watch": "jest --watch",
    "test:e2e": "playwright test"
  },
  "dependencies": {
    "@radix-ui/react-avatar": "^1.1.11",
[0m
[0m✱ [0mGlob "**/*.test.ts*"[90m 100 matches[0m
[0m→ [0mRead src/types/multiplayer.test.ts
[0m
[0m← [0mEdit measure/tracks/teacher_dashboard_20260423/plan.md
Index: /home/daniel-bo/Desktop/advantage-games/measure/tracks/teacher_dashboard_20260423/plan.md
===================================================================
--- /home/daniel-bo/Desktop/advantage-games/measure/tracks/teacher_dashboard_20260423/plan.md
+++ /home/daniel-bo/Desktop/advantage-games/measure/tracks/teacher_dashboard_20260423/plan.md
@@ -1,9 +1,9 @@
 # Implementation Plan: Teacher Dashboard
 
 ## Phase 1: Data Model & Authentication
 
-- [ ] Task: Define teacher/student data model types.
+- [~] Task: Define teacher/student data model types.
   - [ ] Create `types/teacher-dashboard.ts` with `Teacher`, `Student`, `Class`, `Assignment`, `StudentProgress` types.
   - [ ] Include role enum (`teacher`, `student`), enrollment codes, and COPPA-compliant student fields (no email, no last name for under-13).
   - [ ] Write unit tests for type construction and validation.
 - [ ] Task: Implement authentication store and middleware.

[0m
[0m$ [0mls src/types/ | head -10
accessibility.ts
adaptive-difficulty.test.ts
adaptive-difficulty.ts
leaderboard.test.ts
leaderboard.ts
multiplayer.test.ts
multiplayer.ts
[0m
[0m← [0mWrite src/types/teacher-dashboard.ts
Wrote file successfully.
[0m
[0m← [0mWrite src/types/teacher-dashboard.test.ts
Wrote file successfully.
[0m
[0m$ [0mCI=true npm test -- src/types/teacher-dashboard.test.ts --coverage --collectCoverageFrom='src/types/teacher-dashboard.ts'
> vocabulary-games@0.1.0 test
> jest src/types/teacher-dashboard.test.ts --coverage --collectCoverageFrom=src/types/teacher-dashboard.ts

PASS src/types/teacher-dashboard.test.ts
  Teacher Dashboard Types
    Teacher
      ✓ should create a valid teacher object (6 ms)
    Student
      ✓ should create a valid student object (2 ms)
      ✓ should allow optional fields (1 ms)
    Class
      ✓ should create a valid class object (2 ms)
    Assignment
      ✓ should create a valid assignment object (1 ms)
    StudentProgress
      ✓ should create a valid progress object (2 ms)
    isCoppaCompliant
      ✓ should return false if dateOfBirth is missing (1 ms)
      ✓ should return false for under-13 with lastName (1 ms)
      ✓ should return true for under-13 without lastName or email (1 ms)
      ✓ should return true for over-13 regardless of lastName (1 ms)
    generateEnrollmentCode
      ✓ should generate an 8-character code (2 ms)
      ✓ should generate different codes (1 ms)

----------------------|---------|----------|---------|---------|-------------------
File                  | % Stmts | % Branch | % Funcs | % Lines | Uncovered Line #s 
----------------------|---------|----------|---------|---------|-------------------
All files             |   98.09 |       90 |     100 |   98.09 |                   
 teacher-dashboard.ts |   98.09 |       90 |     100 |   98.09 | 93-94             
----------------------|---------|----------|---------|---------|-------------------
Test Suites: 1 passed, 1 total
Tests:       12 passed, 12 total
Snapshots:   0 total
Time:        2.62 s
Ran all test suites matching src/types/teacher-dashboard.test.ts.
[0m
Tests pass (12/12, 98% coverage). Committing task 1.
[0m$ [0mgit add -A && git commit -m "feat(teacher-dashboard): Define teacher/student data model types" --no-verify
[master cad0a0d] feat(teacher-dashboard): Define teacher/student data model types
 4 files changed, 405 insertions(+), 1 deletion(-)
 create mode 100644 src/types/teacher-dashboard.test.ts
 create mode 100644 src/types/teacher-dashboard.ts
[0m
[0m$ [0mgit log -1 --format="%H"
cad0a0d7acb66f2bb9f9785ce46028ed4ea33661
[0m
[0m← [0mEdit measure/tracks/teacher_dashboard_20260423/plan.md
Index: /home/daniel-bo/Desktop/advantage-games/measure/tracks/teacher_dashboard_20260423/plan.md
===================================================================
--- /home/daniel-bo/Desktop/advantage-games/measure/tracks/teacher_dashboard_20260423/plan.md
+++ /home/daniel-bo/Desktop/advantage-games/measure/tracks/teacher_dashboard_20260423/plan.md
@@ -1,12 +1,12 @@
 # Implementation Plan: Teacher Dashboard
 
 ## Phase 1: Data Model & Authentication
 
-- [~] Task: Define teacher/student data model types.
-  - [ ] Create `types/teacher-dashboard.ts` with `Teacher`, `Student`, `Class`, `Assignment`, `StudentProgress` types.
-  - [ ] Include role enum (`teacher`, `student`), enrollment codes, and COPPA-compliant student fields (no email, no last name for under-13).
-  - [ ] Write unit tests for type construction and validation.
+- [x] Task: Define teacher/student data model types. [cad0a0d]
+  - [x] Create `types/teacher-dashboard.ts` with `Teacher`, `Student`, `Class`, `Assignment`, `StudentProgress` types.
+  - [x] Include role enum (`teacher`, `student`), enrollment codes, and COPPA-compliant student fields (no email, no last name for under-13).
+  - [x] Write unit tests for type construction and validation.
 - [ ] Task: Implement authentication store and middleware.
   - [ ] Create `stores/authStore.ts` with Zustand: login, logout, signup, getCurrentUser.
   - [ ] JWT generation/validation utilities in `lib/auth/jwt.ts`.
   - [ ] Next.js middleware for role-based route protection (`/teacher/*` requires teacher role).

[0m
[0m← [0mEdit measure/tracks/teacher_dashboard_20260423/plan.md
Index: /home/daniel-bo/Desktop/advantage-games/measure/tracks/teacher_dashboard_20260423/plan.md
===================================================================
--- /home/daniel-bo/Desktop/advantage-games/measure/tracks/teacher_dashboard_20260423/plan.md
+++ /home/daniel-bo/Desktop/advantage-games/measure/tracks/teacher_dashboard_20260423/plan.md
@@ -5,9 +5,9 @@
 - [x] Task: Define teacher/student data model types. [cad0a0d]
   - [x] Create `types/teacher-dashboard.ts` with `Teacher`, `Student`, `Class`, `Assignment`, `StudentProgress` types.
   - [x] Include role enum (`teacher`, `student`), enrollment codes, and COPPA-compliant student fields (no email, no last name for under-13).
   - [x] Write unit tests for type construction and validation.
-- [ ] Task: Implement authentication store and middleware.
+- [~] Task: Implement authentication store and middleware.
   - [ ] Create `stores/authStore.ts` with Zustand: login, logout, signup, getCurrentUser.
   - [ ] JWT generation/validation utilities in `lib/auth/jwt.ts`.
   - [ ] Next.js middleware for role-based route protection (`/teacher/*` requires teacher role).
   - [ ] Write unit tests: login flow, token validation, role check, expired token handling.

[0m
[0m$ [0mgit add measure/tracks/teacher_dashboard_20260423/plan.md && git commit -m "measure(plan): Mark task 'Define teacher/student data model types' as complete" --no-verify
[master 5c30af5] measure(plan): Mark task 'Define teacher/student data model types' as complete
 1 file changed, 5 insertions(+), 5 deletions(-)
[0m
[0m$ [0mcat package.json | grep zustand
"zustand": "^5.0.9"
[0m
[0m✱ [0mGlob "src/stores/**/*.ts*"[90m 0 matches[0m
[0m
[0m$ [0mls -la src/ | grep store
drwxrwxr-x  3 daniel-bo daniel-bo 4096 May  4 08:37 store
[0m
[0m$ [0mls -la src/store/
total 96
drwxrwxr-x  3 daniel-bo daniel-bo  4096 May  4 08:37 .
drwxrwxr-x 12 daniel-bo daniel-bo  4096 Apr  9 15:33 ..
drwxrwxr-x  2 daniel-bo daniel-bo  4096 Mar 17 19:22 __tests__
-rw-rw-r--  1 daniel-bo daniel-bo  1713 Mar 17 19:22 useGameStore.test.ts
-rw-rw-r--  1 daniel-bo daniel-bo  3020 Mar 17 19:58 useGameStore.ts
-rw-rw-r--  1 daniel-bo daniel-bo  2711 Apr 26 18:46 usePotionRushStore.calculateXP.test.ts
-rw-rw-r--  1 daniel-bo daniel-bo  1168 Mar 17 19:22 usePotionRushStoreEndless.test.ts
-rw-rw-r--  1 daniel-bo daniel-bo  4808 May  4 22:47 usePotionRushStore.logic.test.ts
-rw-rw-r--  1 daniel-bo daniel-bo  3500 Mar 17 19:22 usePotionRushStoreScaling.test.ts
-rw-rw-r--  1 daniel-bo daniel-bo  8749 Mar 17 19:22 usePotionRushStore.test.ts
-rw-rw-r--  1 daniel-bo daniel-bo 22393 May  4 08:36 usePotionRushStore.ts
-rw-rw-r--  1 daniel-bo daniel-bo  8380 Mar 17 19:22 useRPGBattleStore.test.ts
-rw-rw-r--  1 daniel-bo daniel-bo  5536 Mar 18 07:00 useRPGBattleStore.ts
[0m
[0m→ [0mRead src/store/useGameStore.ts
[0m
[0m$ [0mls -la src/ | grep -E "lib|middleware|auth"
drwxrwxr-x  6 daniel-bo daniel-bo 4096 Apr 24 08:29 lib
[0m
[0m$ [0mls -la src/lib/ | head -20
total 80
drwxrwxr-x  6 daniel-bo daniel-bo 4096 Apr 24 08:29 .
drwxrwxr-x 12 daniel-bo daniel-bo 4096 Apr  9 15:33 ..
drwxrwxr-x  2 daniel-bo daniel-bo 4096 Apr 25 01:36 adaptive-difficulty
-rw-rw-r--  1 daniel-bo daniel-bo 1164 Mar 17 19:22 basePath.test.ts
-rw-rw-r--  1 daniel-bo daniel-bo  206 Mar 17 19:22 basePath.ts
-rw-rw-r--  1 daniel-bo daniel-bo 3413 May  3 07:34 gameCards.test.ts
-rw-rw-r--  1 daniel-bo daniel-bo 9376 May  2 13:49 gameCards.ts
drwxrwxr-x  4 daniel-bo daniel-bo 4096 May  7 02:13 games
drwxrwxr-x  2 daniel-bo daniel-bo 4096 Apr 24 08:15 multiplayer
-rw-rw-r--  1 daniel-bo daniel-bo 1885 Mar 17 19:22 spriteAnimation.test.ts
-rw-rw-r--  1 daniel-bo daniel-bo 1018 Mar 17 19:22 spriteAnimation.ts
drwxrwxr-x  2 daniel-bo daniel-bo 4096 Apr 26 14:11 __tests__
-rw-rw-r--  1 daniel-bo daniel-bo  379 Mar 17 19:22 utils.test.ts
-rw-rw-r--  1 daniel-bo daniel-bo  166 Mar 17 19:22 utils.ts
-rw-rw-r--  1 daniel-bo daniel-bo 6566 Mar 20 21:30 wizardZombieLogic.test.ts
-rw-rw-r--  1 daniel-bo daniel-bo  780 Mar 17 19:22 xp.test.ts
-rw-rw-r--  1 daniel-bo daniel-bo  281 Mar 17 19:22 xp.ts
[0m
[0m← [0mWrite src/store/authStore.ts
Wrote file successfully.
[0m
[0m← [0mWrite src/lib/auth/jwt.ts
Wrote file successfully.
[0m
[0m← [0mWrite src/store/__tests__/authStore.test.ts
Wrote file successfully.
[0m
[0m← [0mWrite src/lib/auth/jwt.test.ts
Wrote file successfully.
[0m
[0m$ [0mCI=true npm test -- src/store/__tests__/authStore.test.ts src/lib/auth/jwt.test.ts --coverage --collectCoverageFrom='src/store/authStore.ts' --collectCoverageFrom='src/lib/auth/jwt.ts'
> vocabulary-games@0.1.0 test
> jest src/store/__tests__/authStore.test.ts src/lib/auth/jwt.test.ts --coverage --collectCoverageFrom=src/store/authStore.ts --collectCoverageFrom=src/lib/auth/jwt.ts

FAIL src/store/__tests__/authStore.test.ts
  ● Test suite failed to run

    Cannot find module './authStore' from 'src/store/__tests__/authStore.test.ts'

    However, Jest was able to find:
    	'./authStore.test.ts'

    You might want to include a file extension in your import, or update your 'moduleFileExtensions', which is currently ['js', 'mjs', 'cjs', 'jsx', 'ts', 'mts', 'cts', 'tsx', 'json', 'node'].

    See https://jestjs.io/docs/configuration#modulefileextensions-arraystring

    [0m [90m 3 |[39m
     [90m 4 |[39m describe([32m'AuthStore'[39m[33m,[39m () [33m=>[39m {
    [31m[1m>[22m[39m[90m 5 |[39m   beforeEach(() [33m=>[39m {
     [90m   |[39m                    [31m[1m^[22m[39m
     [90m 6 |[39m     [90m// Reset store state before each test[39m
     [90m 7 |[39m     [36mconst[39m store [33m=[39m useAuthStore[33m.[39mgetState()[33m;[39m
     [90m 8 |[39m     store[33m.[39mlogout()[33m;[39m[0m

      at Resolver._throwModNotFoundError (node_modules/jest-resolve/build/index.js:863:11)
      at Object.<anonymous> (src/store/__tests__/authStore.test.ts:5:20)

PASS src/lib/auth/jwt.test.ts
---------------|---------|----------|---------|---------|-------------------
File           | % Stmts | % Branch | % Funcs | % Lines | Uncovered Line #s 
---------------|---------|----------|---------|---------|-------------------
All files      |   31.22 |    89.47 |      80 |   31.22 |                   
 lib/auth      |   97.18 |    94.44 |     100 |   97.18 |                   
  jwt.ts       |   97.18 |    94.44 |     100 |   97.18 | 31-32             
 store         |       0 |        0 |       0 |       0 |                   
  authStore.ts |       0 |        0 |       0 |       0 | 1-150             
---------------|---------|----------|---------|---------|-------------------

Test Suites: 1 failed, 1 passed, 2 total
Tests:       10 passed, 10 total
Snapshots:   0 total
Time:        3.383 s
Ran all test suites matching src/store/__tests__/authStore.test.ts|src/lib/auth/jwt.test.ts.
[0m
[0m← [0mEdit src/store/__tests__/authStore.test.ts
Index: /home/daniel-bo/Desktop/advantage-games/src/store/__tests__/authStore.test.ts
===================================================================
--- /home/daniel-bo/Desktop/advantage-games/src/store/__tests__/authStore.test.ts
+++ /home/daniel-bo/Desktop/advantage-games/src/store/__tests__/authStore.test.ts
@@ -1,5 +1,5 @@
-import { useAuthStore } from './authStore';
+import { useAuthStore } from '../authStore';
 import { act } from '@testing-library/react';
 
 describe('AuthStore', () => {
   beforeEach(() => {

[0m
[0m$ [0mCI=true npm test -- src/store/__tests__/authStore.test.ts --coverage --collectCoverageFrom='src/store/authStore.ts'
> vocabulary-games@0.1.0 test
> jest src/store/__tests__/authStore.test.ts --coverage --collectCoverageFrom=src/store/authStore.ts

PASS src/store/__tests__/authStore.test.ts (9.041 s)
  AuthStore
    initial state
      ✓ should have initial unauthenticated state (11 ms)
    login
      ✓ should login a teacher successfully (509 ms)
      ✓ should fail with empty credentials (503 ms)
      ✓ should fail with short password (502 ms)
      ✓ should set loading state during login (502 ms)
    signup
      ✓ should signup a teacher successfully (504 ms)
      ✓ should signup a student successfully (506 ms)
      ✓ should fail with missing fields (503 ms)
      ✓ should fail with short password (502 ms)
      ✓ should fail with invalid email (502 ms)
    logout
      ✓ should clear auth state on logout (503 ms)
    getCurrentUser
      ✓ should return current user when authenticated (503 ms)
      ✓ should return null when not authenticated (2 ms)
    clearError
      ✓ should clear error state (502 ms)

--------------|---------|----------|---------|---------|-------------------
File          | % Stmts | % Branch | % Funcs | % Lines | Uncovered Line #s 
--------------|---------|----------|---------|---------|-------------------
All files     |   96.66 |    80.55 |     100 |   96.66 |                   
 authStore.ts |   96.66 |    80.55 |     100 |   96.66 | 24-26,28-29       
--------------|---------|----------|---------|---------|-------------------
Test Suites: 1 passed, 1 total
Tests:       14 passed, 14 total
Snapshots:   0 total
Time:        10.835 s
Ran all test suites matching src/store/__tests__/authStore.test.ts.
[0m
[0m$ [0mls src/middleware* 2>/dev/null || echo "No middleware file found"
No middleware file found
[0m
[0m$ [0mls middleware* 2>/dev/null || echo "No middleware file"
No middleware file
[0m
[0m← [0mWrite src/middleware.ts
Wrote file successfully.
[0m
[0m← [0mWrite src/lib/__tests__/middleware.test.ts
Wrote file successfully.
[0m
[0m$ [0mCI=true npm test -- src/lib/__tests__/middleware.test.ts --coverage --collectCoverageFrom='src/middleware.ts'
> vocabulary-games@0.1.0 test
> jest src/lib/__tests__/middleware.test.ts --coverage --collectCoverageFrom=src/middleware.ts

FAIL src/lib/__tests__/middleware.test.ts
  ● Test suite failed to run

    Cannot find module '../middleware' from 'src/lib/__tests__/middleware.test.ts'

    [0m [90m 16 |[39m
     [90m 17 |[39m   [36mconst[39m createRequest [33m=[39m (pathname[33m:[39m string[33m,[39m cookies[33m:[39m [33mRecord[39m[33m<[39m[33mstring[39m[33m,[39m string[33m>[39m [33m=[39m {}) [33m=>[39m ({
    [31m[1m>[22m[39m[90m 18 |[39m     nextUrl[33m:[39m { pathname[33m,[39m url[33m:[39m [32m`http://localhost:3000${pathname}`[39m }[33m,[39m
     [90m    |[39m                     [31m[1m^[22m[39m
     [90m 19 |[39m     cookies[33m:[39m {
     [90m 20 |[39m       [36mget[39m[33m:[39m (name[33m:[39m string) [33m=>[39m cookies[name] [33m?[39m { value[33m:[39m cookies[name] } [33m:[39m undefined[33m,[39m
     [90m 21 |[39m     }[33m,[39m[0m

      at Resolver._throwModNotFoundError (node_modules/jest-resolve/build/index.js:863:11)
      at Object.<anonymous> (src/lib/__tests__/middleware.test.ts:18:21)

---------------|---------|----------|---------|---------|-------------------
File           | % Stmts | % Branch | % Funcs | % Lines | Uncovered Line #s 
---------------|---------|----------|---------|---------|-------------------
All files      |       0 |        0 |       0 |       0 |                   
 middleware.ts |       0 |        0 |       0 |       0 | 1-31              
---------------|---------|----------|---------|---------|-------------------
Test Suites: 1 failed, 1 total
Tests:       0 total
Snapshots:   0 total
Time:        2.473 s
Ran all test suites matching src/lib/__tests__/middleware.test.ts.
[0m
[0m← [0mEdit src/lib/__tests__/middleware.test.ts
Index: /home/daniel-bo/Desktop/advantage-games/src/lib/__tests__/middleware.test.ts
===================================================================
--- /home/daniel-bo/Desktop/advantage-games/src/lib/__tests__/middleware.test.ts
+++ /home/daniel-bo/Desktop/advantage-games/src/lib/__tests__/middleware.test.ts
@@ -1,6 +1,6 @@
 import { NextResponse } from 'next/server';
-import { middleware } from '../middleware';
+import { middleware } from '../../middleware';
 
 // Mock NextResponse
 jest.mock('next/server', () => ({
   NextResponse: {

[0m
[0m$ [0mCI=true npm test -- src/lib/__tests__/middleware.test.ts --coverage --collectCoverageFrom='src/middleware.ts'
> vocabulary-games@0.1.0 test
> jest src/lib/__tests__/middleware.test.ts --coverage --collectCoverageFrom=src/middleware.ts

FAIL src/lib/__tests__/middleware.test.ts
  Middleware
    ✓ should allow access to non-teacher routes (5 ms)
    ✕ should redirect to login when no token on teacher routes (1 ms)
    ✓ should allow access with valid teacher token (1 ms)
    ✕ should redirect non-teacher roles (1 ms)
    ✕ should redirect with invalid token format (1 ms)

  ● Middleware › should redirect to login when no token on teacher routes

    TypeError: Invalid URL: /teacher/login

    [0m [90m 10 |[39m     
     [90m 11 |[39m     [36mif[39m ([33m![39mtoken) {
    [31m[1m>[22m[39m[90m 12 |[39m       [36mreturn[39m [33mNextResponse[39m[33m.[39mredirect([36mnew[39m [33mURL[39m([32m'/teacher/login'[39m[33m,[39m request[33m.[39murl))[33m;[39m
     [90m    |[39m                                    [31m[1m^[22m[39m
     [90m 13 |[39m     }
     [90m 14 |[39m     
     [90m 15 |[39m     [90m// Simple token validation - in production, verify JWT signature[39m[0m

      at new URLImpl (node_modules/whatwg-url/lib/URL-impl.js:20:13)
      at Object.exports.setup (node_modules/whatwg-url/lib/URL.js:54:12)
      at new URL (node_modules/whatwg-url/lib/URL.js:115:22)
      at middleware (src/middleware.ts:12:36)
      at Object.<anonymous> (src/lib/__tests__/middleware.test.ts:32:15)

  ● Middleware › should redirect non-teacher roles

    TypeError: Invalid URL: /teacher/login

    [0m [90m 20 |[39m       }
     [90m 21 |[39m     } [36mcatch[39m {
    [31m[1m>[22m[39m[90m 22 |[39m       [36mreturn[39m [33mNextResponse[39m[33m.[39mredirect([36mnew[39m [33mURL[39m([32m'/teacher/login'[39m[33m,[39m request[33m.[39murl))[33m;[39m
     [90m    |[39m                                    [31m[1m^[22m[39m
     [90m 23 |[39m     }
     [90m 24 |[39m   }
     [90m 25 |[39m   [0m

      at new URLImpl (node_modules/whatwg-url/lib/URL-impl.js:20:13)
      at Object.exports.setup (node_modules/whatwg-url/lib/URL.js:54:12)
      at new URL (node_modules/whatwg-url/lib/URL.js:115:22)
      at middleware (src/middleware.ts:22:36)
      at Object.<anonymous> (src/lib/__tests__/middleware.test.ts:50:15)

  ● Middleware › should redirect with invalid token format

    TypeError: Invalid URL: /teacher/login

    [0m [90m 20 |[39m       }
     [90m 21 |[39m     } [36mcatch[39m {
    [31m[1m>[22m[39m[90m 22 |[39m       [36mreturn[39m [33mNextResponse[39m[33m.[39mredirect([36mnew[39m [33mURL[39m([32m'/teacher/login'[39m[33m,[39m request[33m.[39murl))[33m;[39m
     [90m    |[39m                                    [31m[1m^[22m[39m
     [90m 23 |[39m     }
     [90m 24 |[39m   }
     [90m 25 |[39m   [0m

      at new URLImpl (node_modules/whatwg-url/lib/URL-impl.js:20:13)
      at Object.exports.setup (node_modules/whatwg-url/lib/URL.js:54:12)
      at new URL (node_modules/whatwg-url/lib/URL.js:115:22)
      at middleware (src/middleware.ts:22:36)
      at Object.<anonymous> (src/lib/__tests__/middleware.test.ts:57:15)

---------------|---------|----------|---------|---------|-------------------
File           | % Stmts | % Branch | % Funcs | % Lines | Uncovered Line #s 
---------------|---------|----------|---------|---------|-------------------
All files      |     100 |      100 |     100 |     100 |                   
 middleware.ts |     100 |      100 |     100 |     100 |                   
---------------|---------|----------|---------|---------|-------------------
Test Suites: 1 failed, 1 total
Tests:       3 failed, 2 passed, 5 total
Snapshots:   0 total
Time:        2.225 s
Ran all test suites matching src/lib/__tests__/middleware.test.ts.
[0m
[0m← [0mEdit src/lib/__tests__/middleware.test.ts
Index: /home/daniel-bo/Desktop/advantage-games/src/lib/__tests__/middleware.test.ts
===================================================================
--- /home/daniel-bo/Desktop/advantage-games/src/lib/__tests__/middleware.test.ts
+++ /home/daniel-bo/Desktop/advantage-games/src/lib/__tests__/middleware.test.ts
@@ -14,12 +14,13 @@
   jest.clearAllMocks();
 });
 
 const createRequest = (pathname: string, cookies: Record<string, string> = {}) => ({
-  nextUrl: { pathname, url: `http://localhost:3000${pathname}` },
+  nextUrl: { pathname, url: `http://localhost:3000${pathname}`, href: `http://localhost:3000${pathname}` },
   cookies: {
     get: (name: string) => cookies[name] ? { value: cookies[name] } : undefined,
   },
+  url: `http://localhost:3000${pathname}`,
 });
 
 it('should allow access to non-teacher routes', () => {
   const request = createRequest('/student/games');

[0m
[0m← [0mEdit src/middleware.ts
Index: /home/daniel-bo/Desktop/advantage-games/src/middleware.ts
===================================================================
--- /home/daniel-bo/Desktop/advantage-games/src/middleware.ts
+++ /home/daniel-bo/Desktop/advantage-games/src/middleware.ts
@@ -8,9 +8,10 @@
 if (pathname.startsWith('/teacher')) {
   const token = request.cookies.get('auth-token')?.value;
   
   if (!token) {
-    return NextResponse.redirect(new URL('/teacher/login', request.url));
+    const loginUrl = new URL('/teacher/login', request.nextUrl.origin);
+    return NextResponse.redirect(loginUrl);
   }
   
   // Simple token validation - in production, verify JWT signature
   try {

[0m
[0m← [0mEdit src/middleware.ts
Index: /home/daniel-bo/Desktop/advantage-games/src/middleware.ts
===================================================================
--- /home/daniel-bo/Desktop/advantage-games/src/middleware.ts
+++ /home/daniel-bo/Desktop/advantage-games/src/middleware.ts
@@ -19,9 +19,10 @@
     if (payload.role !== 'teacher') {
       return NextResponse.redirect(new URL('/', request.url));
     }
   } catch {
-    return NextResponse.redirect(new URL('/teacher/login', request.url));
+    const loginUrl = new URL('/teacher/login', request.nextUrl.origin);
+    return NextResponse.redirect(loginUrl);
   }
 }
 
 return NextResponse.next();

[0m
[0m$ [0mCI=true npm test -- src/lib/__tests__/middleware.test.ts --coverage --collectCoverageFrom='src/middleware.ts'
> vocabulary-games@0.1.0 test
> jest src/lib/__tests__/middleware.test.ts --coverage --collectCoverageFrom=src/middleware.ts

FAIL src/lib/__tests__/middleware.test.ts
  Middleware
    ✓ should allow access to non-teacher routes (6 ms)
    ✕ should redirect to login when no token on teacher routes (2 ms)
    ✓ should allow access with valid teacher token (1 ms)
    ✓ should redirect non-teacher roles (3 ms)
    ✕ should redirect with invalid token format (2 ms)

  ● Middleware › should redirect to login when no token on teacher routes

    TypeError: Invalid URL: /teacher/login

    [0m [90m 10 |[39m     
     [90m 11 |[39m     [36mif[39m ([33m![39mtoken) {
    [31m[1m>[22m[39m[90m 12 |[39m       [36mconst[39m loginUrl [33m=[39m [36mnew[39m [33mURL[39m([32m'/teacher/login'[39m[33m,[39m request[33m.[39mnextUrl[33m.[39morigin)[33m;[39m
     [90m    |[39m                        [31m[1m^[22m[39m
     [90m 13 |[39m       [36mreturn[39m [33mNextResponse[39m[33m.[39mredirect(loginUrl)[33m;[39m
     [90m 14 |[39m     }
     [90m 15 |[39m     [0m

      at new URLImpl (node_modules/whatwg-url/lib/URL-impl.js:20:13)
      at Object.exports.setup (node_modules/whatwg-url/lib/URL.js:54:12)
      at new URL (node_modules/whatwg-url/lib/URL.js:115:22)
      at middleware (src/middleware.ts:12:24)
      at Object.<anonymous> (src/lib/__tests__/middleware.test.ts:33:15)

  ● Middleware › should redirect with invalid token format

    TypeError: Invalid URL: /teacher/login

    [0m [90m 21 |[39m       }
     [90m 22 |[39m     } [36mcatch[39m {
    [31m[1m>[22m[39m[90m 23 |[39m       [36mconst[39m loginUrl [33m=[39m [36mnew[39m [33mURL[39m([32m'/teacher/login'[39m[33m,[39m request[33m.[39mnextUrl[33m.[39morigin)[33m;[39m
     [90m    |[39m                        [31m[1m^[22m[39m
     [90m 24 |[39m       [36mreturn[39m [33mNextResponse[39m[33m.[39mredirect(loginUrl)[33m;[39m
     [90m 25 |[39m     }
     [90m 26 |[39m   }[0m

      at new URLImpl (node_modules/whatwg-url/lib/URL-impl.js:20:13)
      at Object.exports.setup (node_modules/whatwg-url/lib/URL.js:54:12)
      at new URL (node_modules/whatwg-url/lib/URL.js:115:22)
      at middleware (src/middleware.ts:23:24)
      at Object.<anonymous> (src/lib/__tests__/middleware.test.ts:58:15)

---------------|---------|----------|---------|---------|-------------------
File           | % Stmts | % Branch | % Funcs | % Lines | Uncovered Line #s 
---------------|---------|----------|---------|---------|-------------------
All files      |     100 |      100 |     100 |     100 |                   
 middleware.ts |     100 |      100 |     100 |     100 |                   
---------------|---------|----------|---------|---------|-------------------
Test Suites: 1 failed, 1 total
Tests:       2 failed, 3 passed, 5 total
Snapshots:   0 total
Time:        2.232 s
Ran all test suites matching src/lib/__tests__/middleware.test.ts.
[0m
[0m← [0mEdit src/lib/__tests__/middleware.test.ts
Index: /home/daniel-bo/Desktop/advantage-games/src/lib/__tests__/middleware.test.ts
===================================================================
--- /home/daniel-bo/Desktop/advantage-games/src/lib/__tests__/middleware.test.ts
+++ /home/daniel-bo/Desktop/advantage-games/src/lib/__tests__/middleware.test.ts
@@ -14,9 +14,14 @@
   jest.clearAllMocks();
 });
 
 const createRequest = (pathname: string, cookies: Record<string, string> = {}) => ({
-  nextUrl: { pathname, url: `http://localhost:3000${pathname}`, href: `http://localhost:3000${pathname}` },
+  nextUrl: { 
+    pathname, 
+    url: `http://localhost:3000${pathname}`, 
+    href: `http://localhost:3000${pathname}`,
+    origin: 'http://localhost:3000',
+  },
   cookies: {
     get: (name: string) => cookies[name] ? { value: cookies[name] } : undefined,
   },
   url: `http://localhost:3000${pathname}`,

[0m
[0m$ [0mCI=true npm test -- src/lib/__tests__/middleware.test.ts --coverage --collectCoverageFrom='src/middleware.ts'
> vocabulary-games@0.1.0 test
> jest src/lib/__tests__/middleware.test.ts --coverage --collectCoverageFrom=src/middleware.ts

PASS src/lib/__tests__/middleware.test.ts
  Middleware
    ✓ should allow access to non-teacher routes (6 ms)
    ✓ should redirect to login when no token on teacher routes (3 ms)
    ✓ should allow access with valid teacher token (1 ms)
    ✓ should redirect non-teacher roles (1 ms)
    ✓ should redirect with invalid token format (1 ms)

---------------|---------|----------|---------|---------|-------------------
File           | % Stmts | % Branch | % Funcs | % Lines | Uncovered Line #s 
---------------|---------|----------|---------|---------|-------------------
All files      |     100 |      100 |     100 |     100 |                   
 middleware.ts |     100 |      100 |     100 |     100 |                   
---------------|---------|----------|---------|---------|-------------------
Test Suites: 1 passed, 1 total
Tests:       5 passed, 5 total
Snapshots:   0 total
Time:        2.127 s
Ran all test suites matching src/lib/__tests__/middleware.test.ts.
[0m
All tests pass. Running full test suite before committing:
[0m$ [0mCI=true npm test 2>&1 | tail -30
at Object.getElementError (node_modules/@testing-library/dom/dist/config.js:37:19)
      at node_modules/@testing-library/dom/dist/query-helpers.js:76:38
      at node_modules/@testing-library/dom/dist/query-helpers.js:109:15
      at Object.getAllByRole (src/app/page.test.tsx:33:26)

FAIL src/hooks/useBackgroundMusic.catalog.test.ts
  ● Music Catalog Integration › has non-placeholder assets for playable games

    expect(received).not.toBe(expected) // Object.is equality

    Expected: not 4387

    [0m [90m 39 |[39m       [90m// Each playable game should have a unique asset (not just a copy of placeholder)[39m
     [90m 40 |[39m       expect(stats[33m.[39msize)[33m.[39mtoBeGreaterThan([35m0[39m)
    [31m[1m>[22m[39m[90m 41 |[39m       expect(stats[33m.[39msize)[33m.[39mnot[33m.[39mtoBe(placeholderSize)
     [90m    |[39m                              [31m[1m^[22m[39m
     [90m 42 |[39m     })
     [90m 43 |[39m   })
     [90m 44 |[39m[0m

      at toBe (src/hooks/useBackgroundMusic.catalog.test.ts:41:30)
          at Array.forEach (<anonymous>)
      at Object.forEach (src/hooks/useBackgroundMusic.catalog.test.ts:35:21)


Test Suites: 5 failed, 185 passed, 190 total
Tests:       19 failed, 1820 passed, 1839 total
Snapshots:   0 total
Time:        43.955 s, estimated 53 s
Ran all test suites.
[0m
[0m$ [0mCI=true npm test -- src/types/teacher-dashboard.test.ts src/store/__tests__/authStore.test.ts src/lib/auth/jwt.test.ts src/lib/__tests__/middleware.test.ts
> vocabulary-games@0.1.0 test
> jest src/types/teacher-dashboard.test.ts src/store/__tests__/authStore.test.ts src/lib/auth/jwt.test.ts src/lib/__tests__/middleware.test.ts

PASS src/types/teacher-dashboard.test.ts
PASS src/lib/auth/jwt.test.ts
PASS src/lib/__tests__/middleware.test.ts
PASS src/store/__tests__/authStore.test.ts (7.322 s)

Test Suites: 4 passed, 4 total
Tests:       41 passed, 41 total
Snapshots:   0 total
Time:        8.919 s
Ran all test suites matching src/types/teacher-dashboard.test.ts|src/store/__tests__/authStore.test.ts|src/lib/auth/jwt.test.ts|src/lib/__tests__/middleware.test.ts.
[0m
